[37m1..14[0m
[31;1mâœ— 1 - csv is NOT regular[0m
[33;1mâœ— Bail out! Nuclear reactor imploded.[0m
[31;1mâœ— FAILED test: 1
[0m[31;1mâœ— Failed 1/6 tests, 83.33% ok
[0m[35;1mâœ— Failed plan: only 6/14 planned tests seen
[0m