[37m1..14[0m
[32;1mâœ“ Passed 14/14 tests, 100% ok
[0m