[37m1..14[0m
[31;1mâœ— - csv is NOT regular[0m
[31;1mâœ— FAILED test: 1
[0m[31;1mâœ— Failed 1/5 tests, 80.00% ok
[0m[35;1mâœ— Failed plan: only 5/14 planned tests seen
[0m