[38;2;153;153;153m1..14[0m
[31;1mâœ— 1 - csv is NOT regular[0m
[32mâœ“ 2 - header is as expected[0m
[32mâœ“ - row_count >= 100 (125)[0m
[32mâœ“ - columns.a.fill_rate == 100[0m
[32mâœ“ 5 - columns.b.fill_rate >= 33 (34.33)[0m
[32mâœ“ 6 - columns.c.fill_rate >= 75 (75.73)[0m
[33;1mâœ— Bail out! Nuclear reactor imploded.[0m
[35;1mâœ— Failed plan: only 6/14 planned tests seen
[0m