[33;1m1..14[0m
[38;2;204;102;0;1mnot ok 1 - csv is NOT regular[0m
[38;2;51;153;51mok 2 - header is as expected[0m
[38;2;51;153;51mok - row_count >= 100 (125)[0m
[38;2;51;153;51mok - columns.a.fill_rate == 100[0m
[38;2;51;153;51mok 5 - columns.b.fill_rate >= 33 (34.33)[0m
[38;2;51;153;51mok 6 - columns.c.fill_rate >= 75 (75.73)[0m
[33;1;7;5mBail out! Nuclear reactor imploded.[0m
[35;1mFailed plan: only 6/14 planned tests seen
[0m