[38;2;153;153;153m1..14[0m
[31;1mâœ— - csv is NOT regular[0m
[32mâœ“ - header is as expected[0m
[32mâœ“ - row_count >= 100 (125)[0m
[32mâœ“ - columns.a.fill_rate == 100[0m
[32mâœ“ - columns.b.fill_rate >= 33 (34.33)[0m
[31;1mâœ— FAILED test: 1
[0m[31;1mâœ— Failed 1/5 tests, 80.00% ok
[0m[35;1mâœ— Failed plan: only 5/14 planned tests seen
[0m