[33;1m1..14[0m
[38;2;153;51;153m#[0m
[38;2;153;51;153m# Testing file test2.csv[0m
[38;2;153;51;153m#[0m
[38;2;51;153;51mok[0m
[38;2;51;153;51mok 2[0m
[38;2;51;153;51mok - row_count >= 100 (125)[0m
[38;2;51;153;51mok 4 - columns.a.fill_rate == 100[0m
[38;2;204;102;0;1mnot ok 5 - columns.b.fill_rate >= 35 (34.33)[0m
[38;2;153;51;153m#   Failed test 'columns.b.fill_rate >= 35 (34.33)'[0m
[38;2;153;51;153m#   at /usr/bin/bin/csv_check line 132.[0m
[38;2;204;102;0;1mnot ok 6 - columns.c.fill_rate >= 80 (75.73)[0m
[38;2;153;51;153m#   Failed test 'columns.c.fill_rate >= 80 (75.73)'[0m
[38;2;153;51;153m#   at /usr/bin/csv_check line 132.[0m
[38;2;51;153;51mok 7 - columns.d.fill_rate >= 99 (100.00)[0m
[38;2;51;153;51mok 8 - columns.e.fill_rate >= 99 (100.00)[0m
[38;2;51;153;51mok 9 - columns.f.fill_rate >= 98 (99.37)[0m
[38;2;51;153;51mok 10 - columns.g.fill_rate >= 98 (99.37)[0m
[38;2;51;153;51mok 11 - columns.h.fill_rate >= 95 (98.88)[0m
[38;2;51;153;51mok 12 - columns.i.fill_rate >= 98 (99.37)[0m
[38;2;51;153;51mok 13 - columns.j.fill_rate >= 80 (83.30)[0m
[38;2;51;153;51mok 14 - columns.k.fill_rate >= 95 (96.03)[0m
